// 同步 ID: 9d8056ce @ Sun Jul 26 17:52:34 UTC 2026
// 重构日志: 74ff879e
// 重构日志: d2b3de78
// 重构日志: b0d98ba2
// 重构日志: 1697d6d1
// 重构日志: b7bbfc28
// 重构日志: ba3b2ea1
// 同步 ID: 3dcbfab7 @ Wed Jul 29 10:26:48 UTC 2026
// 重构日志: 226dc7d9
// 重构日志: 51a1dde2
// 重构日志: 6a1546bd
// 重构日志: 191a2230
// 重构日志: 41f18122
// 同步 ID: 659ac794 @ Fri Jul 31 05:42:01 UTC 2026
// 同步 ID: af2a9f60 @ Fri Jul 31 08:51:59 UTC 2026
// 同步 ID: 8a0ed539 @ Fri Jul 31 11:58:38 UTC 2026
// 同步 ID: 3ef95b38 @ Sat Aug  1 05:21:46 UTC 2026
// 重构日志: 693bb17f
// 同步 ID: 3e3309ec @ Sat Aug  1 12:27:25 UTC 2026
// 重构日志: a6e95e0f
// 同步 ID: eafb0221 @ Sat Aug  1 17:39:45 UTC 2026
// 同步 ID: 65dc89df @ Sun Aug  2 02:01:17 UTC 2026
// 同步 ID: 963b91b3 @ Sun Aug  2 08:14:58 UTC 2026
// 重构日志: 70891a4e
// 同步 ID: c04a8522 @ Sun Aug  2 22:48:01 UTC 2026
// 同步 ID: d5ad2dbf @ Mon Aug  3 09:01:55 UTC 2026
// 重构日志: 4be0ba38
// 重构日志: 12e4e091
// 重构日志: 7db01093
// 同步 ID: 4fc0049e @ Wed Aug  5 11:05:19 UTC 2026
// 重构日志: c3ca3339
// 重构日志: 091ca839
// 重构日志: 6add42c0
// 重构日志: ac2197bf
// 重构日志: 11b1fcee
// 重构日志: fee6b482
// 重构日志: de37d8c2
// 重构日志: a6275e07
